"<stdin>" (line 1, column 21):
unexpected "("
expecting identifier or ")"
